=== MOTIONAI COMPLETE SCAN v4.0 ===
template: Dynamic Carousel Slideshow - Modern Carousel Presentation
aep: C:/Users/SHIVAM/Desktop/motionai/backend/templates/Dynamic Carousel Slideshow - Modern Carousel Presentation/Dynamic Carousel Slideshow - Modern Carousel Presentation 24.x.aep
scanned_at: Tue May 05 2026 16:33:27 GMT+0530

OPEN_OK|items:208

=== RENDER COMP CANDIDATES ===
RENDER_COMP|name:Preview|dur:40.000|fps:60.000|res:3840x2160|confidence:LOW|score:50

=== PROJECT FOOTAGE ITEMS ===
FOOTAGE_ITEM|id:208|name:abstract-electronic-technology-minimal_by_sergmaru|w:4|h:4|instances:2|missing:undefined|isMedia:false|ext:abstract-electronic-technology-minimal_by_sergmaru|file:no_file

=== COMP LAYER DETAIL ===
COMP|name:Background|dur:30.000|fps:60.000|w:3840|h:3840|layers:3
  SOLID|name:Adjustment Layer 26
  PRECOMP|name:liquid_comp|source:liquid_comp|in:0.000|out:30.000|absIn:6.267|absOut:36.267
  SOLID|name:Black Solid 56
COMP|name:Circles|dur:72.040|fps:25.000|w:3840|h:3840|layers:1
  SHAPE|name:Shape Layer 1
COMP|name:Frame|dur:30.000|fps:25.000|w:3840|h:2160|layers:2
  SOLID|name:White Solid 1
  PRECOMP|name:Background|source:Background|in:0.000|out:30.000|absIn:6.267|absOut:36.267
COMP|name:liquid_comp|dur:30.000|fps:60.000|w:3840|h:3840|layers:8
  PRECOMP|name:Circles|source:Circles|in:189.842|out:-98.318|absIn:196.109|absOut:6.267
  PRECOMP|name:Circles|source:Circles|in:227.175|out:-60.985|absIn:233.442|absOut:6.267
  PRECOMP|name:Circles|source:Circles|in:-60.983|out:227.177|absIn:6.267|absOut:233.443
  PRECOMP|name:Circles|source:Circles|in:-60.983|out:227.177|absIn:6.267|absOut:233.443
  PRECOMP|name:Circles|source:Circles|in:250.825|out:-37.335|absIn:257.092|absOut:6.267
  PRECOMP|name:Circles|source:Circles|in:288.159|out:-0.001|absIn:294.425|absOut:6.267
  PRECOMP|name:Circles|source:Circles|in:0.000|out:288.160|absIn:6.267|absOut:294.427
  PRECOMP|name:Circles|source:Circles|in:0.000|out:288.160|absIn:6.267|absOut:294.427
COMP|name:Motion_1|dur:30.000|fps:60.000|w:3840|h:2160|layers:19
  PRECOMP|name:Frame|source:Frame|in:0.000|out:30.000|absIn:6.267|absOut:36.267
  SOLID|name:blur
  SOLID|name:control position
  PRECOMP|name:Placeholder_Horizontal_1|source:Placeholder_Horizontal_1|in:0.000|out:8.000|absIn:6.267|absOut:14.267
  PRECOMP|name:Placeholder_Horizontal_2|source:Placeholder_Horizontal_2|in:1.400|out:9.400|absIn:7.667|absOut:15.667
  PRECOMP|name:Placeholder_Horizontal_3|source:Placeholder_Horizontal_3|in:2.800|out:10.800|absIn:9.067|absOut:17.067
  PRECOMP|name:Placeholder_Horizontal_4|source:Placeholder_Horizontal_4|in:4.200|out:12.200|absIn:10.467|absOut:18.467
  PRECOMP|name:Placeholder_Horizontal_5|source:Placeholder_Horizontal_5|in:5.600|out:13.600|absIn:11.867|absOut:19.867
  PRECOMP|name:Placeholder_Horizontal_6|source:Placeholder_Horizontal_6|in:7.000|out:15.000|absIn:13.267|absOut:21.267
  PRECOMP|name:Placeholder_Horizontal_7|source:Placeholder_Horizontal_7|in:8.400|out:16.400|absIn:14.667|absOut:22.667
  PRECOMP|name:Placeholder_Horizontal_8|source:Placeholder_Horizontal_8|in:9.800|out:17.800|absIn:16.067|absOut:24.067
  PRECOMP|name:Placeholder_Horizontal_9|source:Placeholder_Horizontal_9|in:11.200|out:19.200|absIn:17.467|absOut:25.467
  PRECOMP|name:Placeholder_Horizontal_10|source:Placeholder_Horizontal_10|in:12.600|out:20.600|absIn:18.867|absOut:26.867
  PRECOMP|name:Placeholder_Horizontal_11|source:Placeholder_Horizontal_11|in:14.000|out:22.000|absIn:20.267|absOut:28.267
  PRECOMP|name:Placeholder_Horizontal_12|source:Placeholder_Horizontal_12|in:15.400|out:23.400|absIn:21.667|absOut:29.667
  PRECOMP|name:Placeholder_Horizontal_13|source:Placeholder_Horizontal_13|in:16.800|out:24.800|absIn:23.067|absOut:31.067
  PRECOMP|name:Placeholder_Horizontal_14|source:Placeholder_Horizontal_14|in:18.200|out:26.200|absIn:24.467|absOut:32.467
  PRECOMP|name:Placeholder_Horizontal_15|source:Placeholder_Horizontal_15|in:19.600|out:27.600|absIn:25.867|absOut:33.867
  PRECOMP|name:Placeholder_Horizontal_16|source:Placeholder_Horizontal_16|in:21.000|out:29.000|absIn:27.267|absOut:35.267
COMP|name:Motion_2|dur:30.000|fps:60.000|w:3840|h:2160|layers:22
  PRECOMP|name:Frame|source:Frame|in:0.000|out:30.000|absIn:8.067|absOut:38.067
  SOLID|name:blur
  SOLID|name:control position
  SOLID|name:camera control
  CAMERA_LIGHT|name:Camera 1
  PRECOMP|name:Placeholder_Horizontal_1|source:Placeholder_Horizontal_1|in:0.000|out:30.000|absIn:8.067|absOut:38.067
  PRECOMP|name:Placeholder_Horizontal_2|source:Placeholder_Horizontal_2|in:1.320|out:31.320|absIn:9.387|absOut:39.387
  PRECOMP|name:Placeholder_Horizontal_3|source:Placeholder_Horizontal_3|in:2.640|out:32.640|absIn:10.707|absOut:40.707
  PRECOMP|name:Placeholder_Horizontal_4|source:Placeholder_Horizontal_4|in:3.960|out:33.960|absIn:12.027|absOut:42.027
  PRECOMP|name:Placeholder_Horizontal_5|source:Placeholder_Horizontal_5|in:5.280|out:35.280|absIn:13.347|absOut:43.347
  PRECOMP|name:Placeholder_Horizontal_6|source:Placeholder_Horizontal_6|in:6.600|out:36.600|absIn:14.667|absOut:44.667
  PRECOMP|name:Placeholder_Horizontal_7|source:Placeholder_Horizontal_7|in:7.920|out:37.920|absIn:15.987|absOut:45.987
  PRECOMP|name:Placeholder_Horizontal_8|source:Placeholder_Horizontal_8|in:9.240|out:39.240|absIn:17.307|absOut:47.307
  PRECOMP|name:Placeholder_Horizontal_9|source:Placeholder_Horizontal_9|in:10.560|out:40.560|absIn:18.627|absOut:48.627
  PRECOMP|name:Placeholder_Horizontal_10|source:Placeholder_Horizontal_10|in:11.880|out:41.880|absIn:19.947|absOut:49.947
  PRECOMP|name:Placeholder_Horizontal_11|source:Placeholder_Horizontal_11|in:13.200|out:43.200|absIn:21.267|absOut:51.267
  PRECOMP|name:Placeholder_Horizontal_12|source:Placeholder_Horizontal_12|in:14.520|out:44.520|absIn:22.587|absOut:52.587
  PRECOMP|name:Placeholder_Horizontal_13|source:Placeholder_Horizontal_13|in:15.840|out:45.840|absIn:23.907|absOut:53.907
  PRECOMP|name:Placeholder_Horizontal_14|source:Placeholder_Horizontal_14|in:17.160|out:47.160|absIn:25.227|absOut:55.227
  PRECOMP|name:Placeholder_Horizontal_15|source:Placeholder_Horizontal_15|in:18.480|out:48.480|absIn:26.547|absOut:56.547
  PRECOMP|name:Placeholder_Horizontal_16|source:Placeholder_Horizontal_16|in:19.800|out:49.800|absIn:27.867|absOut:57.867
  PRECOMP|name:Placeholder_Horizontal_17|source:Placeholder_Horizontal_17|in:21.120|out:51.120|absIn:29.187|absOut:59.187
COMP|name:Motion_3|dur:30.000|fps:60.000|w:3840|h:2160|layers:20
  PRECOMP|name:Frame|source:Frame|in:0.000|out:30.000|absIn:7.033|absOut:37.033
  SOLID|name:blur
  SOLID|name:control position
  PRECOMP|name:Placeholders_Vertical_1|source:Placeholders_Vertical_1|in:0.000|out:8.000|absIn:7.033|absOut:15.033
  PRECOMP|name:Placeholders_Vertical_2|source:Placeholders_Vertical_2|in:1.333|out:9.333|absIn:8.367|absOut:16.367
  PRECOMP|name:Placeholders_Vertical_3|source:Placeholders_Vertical_3|in:2.667|out:10.667|absIn:9.700|absOut:17.700
  PRECOMP|name:Placeholders_Vertical_4|source:Placeholders_Vertical_4|in:4.000|out:12.000|absIn:11.033|absOut:19.033
  PRECOMP|name:Placeholders_Vertical_5|source:Placeholders_Vertical_5|in:5.333|out:13.333|absIn:12.367|absOut:20.367
  PRECOMP|name:Placeholders_Vertical_6|source:Placeholders_Vertical_6|in:6.667|out:14.667|absIn:13.700|absOut:21.700
  PRECOMP|name:Placeholders_Vertical_7|source:Placeholders_Vertical_7|in:8.000|out:16.000|absIn:15.033|absOut:23.033
  PRECOMP|name:Placeholders_Vertical_8|source:Placeholders_Vertical_8|in:9.333|out:17.333|absIn:16.367|absOut:24.367
  PRECOMP|name:Placeholders_Vertical_9|source:Placeholders_Vertical_9|in:10.667|out:18.667|absIn:17.700|absOut:25.700
  PRECOMP|name:Placeholders_Vertical_10|source:Placeholders_Vertical_10|in:12.000|out:20.000|absIn:19.033|absOut:27.033
  PRECOMP|name:Placeholders_Vertical_11|source:Placeholders_Vertical_11|in:13.333|out:21.333|absIn:20.367|absOut:28.367
  PRECOMP|name:Placeholders_Vertical_12|source:Placeholders_Vertical_12|in:14.667|out:22.667|absIn:21.700|absOut:29.700
  PRECOMP|name:Placeholders_Vertical_13|source:Placeholders_Vertical_13|in:16.000|out:24.000|absIn:23.033|absOut:31.033
  PRECOMP|name:Placeholders_Vertical_14|source:Placeholders_Vertical_14|in:17.333|out:25.333|absIn:24.367|absOut:32.367
  PRECOMP|name:Placeholders_Vertical_15|source:Placeholders_Vertical_15|in:18.667|out:26.667|absIn:25.700|absOut:33.700
  PRECOMP|name:Placeholders_Vertical_16|source:Placeholders_Vertical_16|in:20.000|out:28.000|absIn:27.033|absOut:35.033
  PRECOMP|name:Placeholders_Vertical_17|source:Placeholders_Vertical_17|in:21.333|out:29.333|absIn:28.367|absOut:36.367
COMP|name:Motion_4|dur:30.000|fps:60.000|w:3840|h:2160|layers:23
  PRECOMP|name:Frame|source:Frame|in:0.000|out:30.000|absIn:1.917|absOut:31.917
  SOLID|name:blur
  SOLID|name:control position
  PRECOMP|name:Placeholder_Horizontal_1|source:Placeholder_Horizontal_1|in:0.000|out:4.000|absIn:1.917|absOut:5.917
  PRECOMP|name:Placeholder_Horizontal_2|source:Placeholder_Horizontal_2|in:0.000|out:5.333|absIn:1.917|absOut:7.250
  PRECOMP|name:Placeholder_Horizontal_3|source:Placeholder_Horizontal_3|in:0.000|out:6.667|absIn:1.917|absOut:8.583
  PRECOMP|name:Placeholder_Horizontal_4|source:Placeholder_Horizontal_4|in:2.667|out:8.000|absIn:4.583|absOut:9.917
  PRECOMP|name:Placeholder_Horizontal_5|source:Placeholder_Horizontal_5|in:4.000|out:9.333|absIn:5.917|absOut:11.250
  PRECOMP|name:Placeholder_Horizontal_6|source:Placeholder_Horizontal_6|in:5.333|out:10.667|absIn:7.250|absOut:12.583
  PRECOMP|name:Placeholder_Horizontal_7|source:Placeholder_Horizontal_7|in:6.667|out:12.000|absIn:8.583|absOut:13.917
  PRECOMP|name:Placeholder_Horizontal_8|source:Placeholder_Horizontal_8|in:8.000|out:13.333|absIn:9.917|absOut:15.250
  PRECOMP|name:Placeholder_Horizontal_9|source:Placeholder_Horizontal_9|in:9.333|out:14.667|absIn:11.250|absOut:16.583
  PRECOMP|name:Placeholder_Horizontal_10|source:Placeholder_Horizontal_10|in:10.667|out:16.000|absIn:12.583|absOut:17.917
  PRECOMP|name:Placeholder_Horizontal_11|source:Placeholder_Horizontal_11|in:12.000|out:17.350|absIn:13.917|absOut:19.267
  PRECOMP|name:Placeholder_Horizontal_12|source:Placeholder_Horizontal_12|in:13.333|out:18.667|absIn:15.250|absOut:20.583
  PRECOMP|name:Placeholder_Horizontal_13|source:Placeholder_Horizontal_13|in:14.667|out:20.000|absIn:16.583|absOut:21.917
  PRECOMP|name:Placeholder_Horizontal_14|source:Placeholder_Horizontal_14|in:16.000|out:21.333|absIn:17.917|absOut:23.250
  PRECOMP|name:Placeholder_Horizontal_15|source:Placeholder_Horizontal_15|in:17.333|out:22.667|absIn:19.250|absOut:24.583
  PRECOMP|name:Placeholder_Horizontal_16|source:Placeholder_Horizontal_16|in:18.667|out:24.000|absIn:20.583|absOut:25.917
  PRECOMP|name:Placeholder_Horizontal_17|source:Placeholder_Horizontal_17|in:20.000|out:25.333|absIn:21.917|absOut:27.250
  PRECOMP|name:Placeholder_Horizontal_18|source:Placeholder_Horizontal_18|in:21.333|out:26.667|absIn:23.250|absOut:28.583
  PRECOMP|name:Placeholder_Horizontal_19|source:Placeholder_Horizontal_19|in:22.667|out:28.017|absIn:24.583|absOut:29.933
  PRECOMP|name:Placeholder_Horizontal_20|source:Placeholder_Horizontal_20|in:24.000|out:29.333|absIn:25.917|absOut:31.250
COMP|name:Motion_5|dur:30.000|fps:60.000|w:3840|h:2160|layers:23
  PRECOMP|name:Frame|source:Frame|in:0.000|out:30.000|absIn:4.217|absOut:34.217
  SOLID|name:blur
  SOLID|name:control position
  PRECOMP|name:Placeholders_Vertical_1|source:Placeholders_Vertical_1|in:0.000|out:5.333|absIn:4.217|absOut:9.550
  PRECOMP|name:Placeholders_Vertical_2|source:Placeholders_Vertical_2|in:1.250|out:6.583|absIn:5.467|absOut:10.800
  PRECOMP|name:Placeholders_Vertical_3|source:Placeholders_Vertical_3|in:2.500|out:7.833|absIn:6.717|absOut:12.050
  PRECOMP|name:Placeholders_Vertical_4|source:Placeholders_Vertical_4|in:3.750|out:9.083|absIn:7.967|absOut:13.300
  PRECOMP|name:Placeholders_Vertical_5|source:Placeholders_Vertical_5|in:5.000|out:10.333|absIn:9.217|absOut:14.550
  PRECOMP|name:Placeholders_Vertical_6|source:Placeholders_Vertical_6|in:6.250|out:11.583|absIn:10.467|absOut:15.800
  PRECOMP|name:Placeholders_Vertical_7|source:Placeholders_Vertical_7|in:7.500|out:12.833|absIn:11.717|absOut:17.050
  PRECOMP|name:Placeholders_Vertical_8|source:Placeholders_Vertical_8|in:8.750|out:14.083|absIn:12.967|absOut:18.300
  PRECOMP|name:Placeholders_Vertical_9|source:Placeholders_Vertical_9|in:10.000|out:15.333|absIn:14.217|absOut:19.550
  PRECOMP|name:Placeholders_Vertical_10|source:Placeholders_Vertical_10|in:11.250|out:16.583|absIn:15.467|absOut:20.800
  PRECOMP|name:Placeholders_Vertical_11|source:Placeholders_Vertical_11|in:12.500|out:17.833|absIn:16.717|absOut:22.050
  PRECOMP|name:Placeholders_Vertical_12|source:Placeholders_Vertical_12|in:13.667|out:19.000|absIn:17.883|absOut:23.217
  PRECOMP|name:Placeholders_Vertical_13|source:Placeholders_Vertical_13|in:14.917|out:20.250|absIn:19.133|absOut:24.467
  PRECOMP|name:Placeholders_Vertical_14|source:Placeholders_Vertical_14|in:16.167|out:21.500|absIn:20.383|absOut:25.717
  PRECOMP|name:Placeholders_Vertical_15|source:Placeholders_Vertical_15|in:17.417|out:22.750|absIn:21.633|absOut:26.967
  PRECOMP|name:Placeholders_Vertical_16|source:Placeholders_Vertical_16|in:18.667|out:24.000|absIn:22.883|absOut:28.217
  PRECOMP|name:Placeholders_Vertical_17|source:Placeholders_Vertical_17|in:19.917|out:25.250|absIn:24.133|absOut:29.467
  PRECOMP|name:Placeholders_Vertical_18|source:Placeholders_Vertical_18|in:21.167|out:26.500|absIn:25.383|absOut:30.717
  PRECOMP|name:Placeholders_Vertical_19|source:Placeholders_Vertical_19|in:22.417|out:27.750|absIn:26.633|absOut:31.967
  PRECOMP|name:Placeholders_Vertical_20|source:Placeholders_Vertical_20|in:23.667|out:29.000|absIn:27.883|absOut:33.217
COMP|name:Motion_6|dur:30.000|fps:60.000|w:3840|h:2160|layers:15
  PRECOMP|name:Frame|source:Frame|in:0.000|out:30.000|absIn:6.000|absOut:36.000
  SOLID|name:blur
  SOLID|name:control position
  PRECOMP|name:Placeholder_Horizontal_1|source:Placeholder_Horizontal_1|in:0.000|out:8.000|absIn:6.000|absOut:14.000
  PRECOMP|name:Placeholder_Horizontal_2|source:Placeholder_Horizontal_2|in:0.000|out:9.920|absIn:6.000|absOut:15.920
  PRECOMP|name:Placeholder_Horizontal_3|source:Placeholder_Horizontal_3|in:1.920|out:11.880|absIn:7.920|absOut:17.880
  PRECOMP|name:Placeholder_Horizontal_4|source:Placeholder_Horizontal_4|in:3.840|out:13.800|absIn:9.840|absOut:19.800
  PRECOMP|name:Placeholder_Horizontal_5|source:Placeholder_Horizontal_5|in:5.760|out:15.720|absIn:11.760|absOut:21.720
  PRECOMP|name:Placeholder_Horizontal_6|source:Placeholder_Horizontal_6|in:7.680|out:17.640|absIn:13.680|absOut:23.640
  PRECOMP|name:Placeholder_Horizontal_7|source:Placeholder_Horizontal_7|in:9.600|out:19.560|absIn:15.600|absOut:25.560
  PRECOMP|name:Placeholder_Horizontal_8|source:Placeholder_Horizontal_8|in:11.520|out:21.480|absIn:17.520|absOut:27.480
  PRECOMP|name:Placeholder_Horizontal_9|source:Placeholder_Horizontal_9|in:13.440|out:23.400|absIn:19.440|absOut:29.400
  PRECOMP|name:Placeholder_Horizontal_10|source:Placeholder_Horizontal_10|in:15.360|out:25.320|absIn:21.360|absOut:31.320
  PRECOMP|name:Placeholder_Horizontal_11|source:Placeholder_Horizontal_11|in:17.280|out:27.240|absIn:23.280|absOut:33.240
  PRECOMP|name:Placeholder_Horizontal_12|source:Placeholder_Horizontal_12|in:19.200|out:29.160|absIn:25.200|absOut:35.160
COMP|name:Motion_7|dur:30.000|fps:60.000|w:3840|h:2160|layers:25
  PRECOMP|name:Frame|source:Frame|in:0.000|out:30.000|absIn:5.933|absOut:35.933
  SOLID|name:blur
  SOLID|name:control position
  SOLID|name:camera control
  CAMERA_LIGHT|name:Camera 1
  PRECOMP|name:Placeholder_Horizontal_1|source:Placeholder_Horizontal_1|in:0.000|out:8.040|absIn:5.933|absOut:13.973
  PRECOMP|name:Placeholder_Horizontal_2|source:Placeholder_Horizontal_2|in:0.000|out:9.000|absIn:5.933|absOut:14.933
  PRECOMP|name:Placeholder_Horizontal_3|source:Placeholder_Horizontal_3|in:0.960|out:9.960|absIn:6.893|absOut:15.893
  PRECOMP|name:Placeholder_Horizontal_4|source:Placeholder_Horizontal_4|in:1.920|out:10.920|absIn:7.853|absOut:16.853
  PRECOMP|name:Placeholder_Horizontal_5|source:Placeholder_Horizontal_5|in:2.880|out:11.880|absIn:8.813|absOut:17.813
  PRECOMP|name:Placeholder_Horizontal_6|source:Placeholder_Horizontal_6|in:3.840|out:12.840|absIn:9.773|absOut:18.773
  PRECOMP|name:Placeholder_Horizontal_7|source:Placeholder_Horizontal_7|in:4.800|out:13.800|absIn:10.733|absOut:19.733
  PRECOMP|name:Placeholder_Horizontal_8|source:Placeholder_Horizontal_8|in:5.760|out:14.760|absIn:11.693|absOut:20.693
  PRECOMP|name:Placeholder_Horizontal_9|source:Placeholder_Horizontal_9|in:6.720|out:15.720|absIn:12.653|absOut:21.653
  PRECOMP|name:Placeholder_Horizontal_10|source:Placeholder_Horizontal_10|in:7.680|out:16.680|absIn:13.613|absOut:22.613
  PRECOMP|name:Placeholder_Horizontal_11|source:Placeholder_Horizontal_11|in:8.640|out:17.640|absIn:14.573|absOut:23.573
  PRECOMP|name:Placeholder_Horizontal_12|source:Placeholder_Horizontal_12|in:9.600|out:18.600|absIn:15.533|absOut:24.533
  PRECOMP|name:Placeholder_Horizontal_13|source:Placeholder_Horizontal_13|in:10.560|out:19.560|absIn:16.493|absOut:25.493
  PRECOMP|name:Placeholder_Horizontal_14|source:Placeholder_Horizontal_14|in:11.520|out:20.520|absIn:17.453|absOut:26.453
  PRECOMP|name:Placeholder_Horizontal_15|source:Placeholder_Horizontal_15|in:12.480|out:21.480|absIn:18.413|absOut:27.413
  PRECOMP|name:Placeholder_Horizontal_16|source:Placeholder_Horizontal_16|in:13.440|out:22.440|absIn:19.373|absOut:28.373
  PRECOMP|name:Placeholder_Horizontal_17|source:Placeholder_Horizontal_17|in:14.400|out:23.400|absIn:20.333|absOut:29.333
  PRECOMP|name:Placeholder_Horizontal_18|source:Placeholder_Horizontal_18|in:15.360|out:24.360|absIn:21.293|absOut:30.293
  PRECOMP|name:Placeholder_Horizontal_19|source:Placeholder_Horizontal_19|in:16.320|out:25.320|absIn:22.253|absOut:31.253
  PRECOMP|name:Placeholder_Horizontal_20|source:Placeholder_Horizontal_20|in:17.280|out:26.280|absIn:23.213|absOut:32.213
COMP|name:Motion_8|dur:30.000|fps:60.000|w:3840|h:2160|layers:15
  PRECOMP|name:Frame|source:Frame|in:0.000|out:30.000|absIn:8.817|absOut:38.817
  SOLID|name:blur
  SOLID|name:control position
  PRECOMP|name:Placeholders_Vertical_1|source:Placeholders_Vertical_1|in:0.000|out:10.333|absIn:8.817|absOut:19.150
  PRECOMP|name:Placeholders_Vertical_2|source:Placeholders_Vertical_2|in:1.760|out:12.117|absIn:10.577|absOut:20.933
  PRECOMP|name:Placeholders_Vertical_3|source:Placeholders_Vertical_3|in:3.560|out:13.900|absIn:12.377|absOut:22.717
  PRECOMP|name:Placeholders_Vertical_4|source:Placeholders_Vertical_4|in:5.360|out:15.683|absIn:14.177|absOut:24.500
  PRECOMP|name:Placeholders_Vertical_5|source:Placeholders_Vertical_5|in:7.160|out:17.467|absIn:15.977|absOut:26.283
  PRECOMP|name:Placeholders_Vertical_6|source:Placeholders_Vertical_6|in:8.920|out:19.233|absIn:17.737|absOut:28.050
  PRECOMP|name:Placeholders_Vertical_7|source:Placeholders_Vertical_7|in:10.720|out:21.033|absIn:19.537|absOut:29.850
  PRECOMP|name:Placeholders_Vertical_8|source:Placeholders_Vertical_8|in:12.520|out:22.817|absIn:21.337|absOut:31.633
  PRECOMP|name:Placeholders_Vertical_9|source:Placeholders_Vertical_9|in:14.280|out:24.633|absIn:23.097|absOut:33.450
  PRECOMP|name:Placeholders_Vertical_10|source:Placeholders_Vertical_10|in:16.080|out:26.400|absIn:24.897|absOut:35.217
  PRECOMP|name:Placeholders_Vertical_11|source:Placeholders_Vertical_11|in:17.880|out:28.183|absIn:26.697|absOut:37.000
  PRECOMP|name:Placeholders_Vertical_12|source:Placeholders_Vertical_12|in:19.640|out:29.960|absIn:28.457|absOut:38.777
COMP|name:Motion_9|dur:30.000|fps:60.000|w:3840|h:2160|layers:23
  PRECOMP|name:Frame|source:Frame|in:0.000|out:30.000|absIn:4.867|absOut:34.867
  SOLID|name:blur
  SOLID|name:control position
  PRECOMP|name:Placeholder_Horizontal_1|source:Placeholder_Horizontal_1|in:0.000|out:6.000|absIn:4.867|absOut:10.867
  PRECOMP|name:Placeholder_Horizontal_2|source:Placeholder_Horizontal_2|in:0.920|out:6.920|absIn:5.787|absOut:11.787
  PRECOMP|name:Placeholder_Horizontal_3|source:Placeholder_Horizontal_3|in:1.840|out:7.840|absIn:6.707|absOut:12.707
  PRECOMP|name:Placeholder_Horizontal_4|source:Placeholder_Horizontal_4|in:2.760|out:8.760|absIn:7.627|absOut:13.627
  PRECOMP|name:Placeholder_Horizontal_5|source:Placeholder_Horizontal_5|in:3.680|out:9.680|absIn:8.547|absOut:14.547
  PRECOMP|name:Placeholder_Horizontal_6|source:Placeholder_Horizontal_6|in:4.600|out:10.600|absIn:9.467|absOut:15.467
  PRECOMP|name:Placeholder_Horizontal_7|source:Placeholder_Horizontal_7|in:5.520|out:11.520|absIn:10.387|absOut:16.387
  PRECOMP|name:Placeholder_Horizontal_8|source:Placeholder_Horizontal_8|in:6.440|out:12.440|absIn:11.307|absOut:17.307
  PRECOMP|name:Placeholder_Horizontal_9|source:Placeholder_Horizontal_9|in:7.360|out:13.360|absIn:12.227|absOut:18.227
  PRECOMP|name:Placeholder_Horizontal_10|source:Placeholder_Horizontal_10|in:8.280|out:14.280|absIn:13.147|absOut:19.147
  PRECOMP|name:Placeholder_Horizontal_11|source:Placeholder_Horizontal_11|in:9.200|out:15.200|absIn:14.067|absOut:20.067
  PRECOMP|name:Placeholder_Horizontal_12|source:Placeholder_Horizontal_12|in:10.120|out:16.120|absIn:14.987|absOut:20.987
  PRECOMP|name:Placeholder_Horizontal_13|source:Placeholder_Horizontal_13|in:11.040|out:17.040|absIn:15.907|absOut:21.907
  PRECOMP|name:Placeholder_Horizontal_14|source:Placeholder_Horizontal_14|in:11.960|out:17.960|absIn:16.827|absOut:22.827
  PRECOMP|name:Placeholder_Horizontal_15|source:Placeholder_Horizontal_15|in:12.880|out:18.880|absIn:17.747|absOut:23.747
  PRECOMP|name:Placeholder_Horizontal_16|source:Placeholder_Horizontal_16|in:13.800|out:19.800|absIn:18.667|absOut:24.667
  PRECOMP|name:Placeholder_Horizontal_17|source:Placeholder_Horizontal_17|in:14.720|out:20.720|absIn:19.587|absOut:25.587
  PRECOMP|name:Placeholder_Horizontal_18|source:Placeholder_Horizontal_18|in:15.640|out:21.640|absIn:20.507|absOut:26.507
  PRECOMP|name:Placeholder_Horizontal_19|source:Placeholder_Horizontal_19|in:16.560|out:22.560|absIn:21.427|absOut:27.427
  PRECOMP|name:Placeholder_Horizontal_20|source:Placeholder_Horizontal_20|in:17.480|out:23.480|absIn:22.347|absOut:28.347
COMP|name:Motion_10|dur:30.000|fps:60.000|w:3840|h:2160|layers:15
  PRECOMP|name:Frame|source:Frame|in:0.000|out:30.000|absIn:10.033|absOut:40.033
  SOLID|name:blur
  SOLID|name:control position
  PRECOMP|name:Placeholders_Vertical_1|source:Placeholders_Vertical_1|in:0.000|out:30.000|absIn:10.033|absOut:40.033
  PRECOMP|name:Placeholders_Vertical_2|source:Placeholders_Vertical_2|in:2.080|out:32.080|absIn:12.113|absOut:42.113
  PRECOMP|name:Placeholders_Vertical_3|source:Placeholders_Vertical_3|in:4.160|out:34.160|absIn:14.193|absOut:44.193
  PRECOMP|name:Placeholders_Vertical_4|source:Placeholders_Vertical_4|in:6.240|out:36.240|absIn:16.273|absOut:46.273
  PRECOMP|name:Placeholders_Vertical_5|source:Placeholders_Vertical_5|in:8.320|out:38.320|absIn:18.353|absOut:48.353
  PRECOMP|name:Placeholders_Vertical_6|source:Placeholders_Vertical_6|in:10.400|out:40.400|absIn:20.433|absOut:50.433
  PRECOMP|name:Placeholders_Vertical_7|source:Placeholders_Vertical_7|in:12.480|out:42.480|absIn:22.513|absOut:52.513
  PRECOMP|name:Placeholders_Vertical_8|source:Placeholders_Vertical_8|in:14.560|out:44.560|absIn:24.593|absOut:54.593
  PRECOMP|name:Placeholders_Vertical_9|source:Placeholders_Vertical_9|in:16.640|out:46.640|absIn:26.673|absOut:56.673
  PRECOMP|name:Placeholders_Vertical_10|source:Placeholders_Vertical_10|in:18.720|out:48.720|absIn:28.753|absOut:58.753
  PRECOMP|name:Placeholders_Vertical_11|source:Placeholders_Vertical_11|in:20.800|out:50.800|absIn:30.833|absOut:60.833
  PRECOMP|name:Placeholders_Vertical_12|source:Placeholders_Vertical_12|in:22.880|out:52.880|absIn:32.913|absOut:62.913
COMP|name:Placeholder_Horizontal_1|dur:30.000|fps:25.000|w:3840|h:2160|layers:1
  SOLID|name:Adjustment Layer 29
COMP|name:Placeholder_Horizontal_2|dur:30.000|fps:25.000|w:3840|h:2160|layers:2
  SOLID|name:Adjustment Layer 29
  SOLID|name:Adjustment Layer 28
COMP|name:Placeholder_Horizontal_3|dur:30.000|fps:25.000|w:3840|h:2160|layers:1
  SOLID|name:Adjustment Layer 29
COMP|name:Placeholder_Horizontal_4|dur:30.000|fps:25.000|w:3840|h:2160|layers:0
COMP|name:Placeholder_Horizontal_5|dur:30.000|fps:25.000|w:3840|h:2160|layers:0
COMP|name:Placeholder_Horizontal_6|dur:30.000|fps:25.000|w:3840|h:2160|layers:0
COMP|name:Placeholder_Horizontal_7|dur:30.000|fps:25.000|w:3840|h:2160|layers:0
COMP|name:Placeholder_Horizontal_8|dur:30.000|fps:25.000|w:3840|h:2160|layers:0
COMP|name:Placeholder_Horizontal_9|dur:30.000|fps:25.000|w:3840|h:2160|layers:0
COMP|name:Placeholder_Horizontal_10|dur:30.000|fps:25.000|w:3840|h:2160|layers:0
COMP|name:Placeholder_Horizontal_11|dur:30.000|fps:25.000|w:3840|h:2160|layers:0
COMP|name:Placeholder_Horizontal_12|dur:30.000|fps:25.000|w:3840|h:2160|layers:0
COMP|name:Placeholder_Horizontal_13|dur:30.000|fps:25.000|w:3840|h:2160|layers:0
COMP|name:Placeholder_Horizontal_14|dur:30.000|fps:25.000|w:3840|h:2160|layers:0
COMP|name:Placeholder_Horizontal_15|dur:30.000|fps:25.000|w:3840|h:2160|layers:0
COMP|name:Placeholder_Horizontal_16|dur:30.000|fps:25.000|w:3840|h:2160|layers:0
COMP|name:Placeholder_Horizontal_1|dur:30.000|fps:25.000|w:3840|h:2160|layers:1
  SOLID|name:Adjustment Layer 29
COMP|name:Placeholder_Horizontal_2|dur:30.000|fps:25.000|w:3840|h:2160|layers:2
  SOLID|name:Adjustment Layer 29
  SOLID|name:Adjustment Layer 28
COMP|name:Placeholder_Horizontal_3|dur:30.000|fps:25.000|w:3840|h:2160|layers:1
  SOLID|name:Adjustment Layer 29
COMP|name:Placeholder_Horizontal_4|dur:30.000|fps:25.000|w:3840|h:2160|layers:0
COMP|name:Placeholder_Horizontal_5|dur:30.000|fps:25.000|w:3840|h:2160|layers:0
COMP|name:Placeholder_Horizontal_6|dur:30.000|fps:25.000|w:3840|h:2160|layers:0
COMP|name:Placeholder_Horizontal_7|dur:30.000|fps:25.000|w:3840|h:2160|layers:0
COMP|name:Placeholder_Horizontal_8|dur:30.000|fps:25.000|w:3840|h:2160|layers:0
COMP|name:Placeholder_Horizontal_9|dur:30.000|fps:25.000|w:3840|h:2160|layers:0
COMP|name:Placeholder_Horizontal_10|dur:30.000|fps:25.000|w:3840|h:2160|layers:0
COMP|name:Placeholder_Horizontal_11|dur:30.000|fps:25.000|w:3840|h:2160|layers:0
COMP|name:Placeholder_Horizontal_12|dur:30.000|fps:25.000|w:3840|h:2160|layers:0
COMP|name:Placeholder_Horizontal_13|dur:30.000|fps:25.000|w:3840|h:2160|layers:0
COMP|name:Placeholder_Horizontal_14|dur:30.000|fps:25.000|w:3840|h:2160|layers:0
COMP|name:Placeholder_Horizontal_15|dur:30.000|fps:25.000|w:3840|h:2160|layers:0
COMP|name:Placeholder_Horizontal_16|dur:30.000|fps:25.000|w:3840|h:2160|layers:0
COMP|name:Placeholder_Horizontal_17|dur:30.000|fps:25.000|w:3840|h:2160|layers:0
COMP|name:Placeholders_Vertical_1|dur:30.000|fps:25.000|w:2160|h:3840|layers:0
COMP|name:Placeholders_Vertical_2|dur:30.000|fps:25.000|w:2160|h:3840|layers:0
COMP|name:Placeholders_Vertical_3|dur:30.000|fps:25.000|w:2160|h:3840|layers:0
COMP|name:Placeholders_Vertical_4|dur:30.000|fps:25.000|w:2160|h:3840|layers:0
COMP|name:Placeholders_Vertical_5|dur:30.000|fps:25.000|w:2160|h:3840|layers:0
COMP|name:Placeholders_Vertical_6|dur:30.000|fps:25.000|w:2160|h:3840|layers:1
  SOLID|name:Adjustment Layer 28
COMP|name:Placeholders_Vertical_7|dur:30.000|fps:25.000|w:2160|h:3840|layers:1
  SOLID|name:Adjustment Layer 30
COMP|name:Placeholders_Vertical_8|dur:30.000|fps:25.000|w:2160|h:3840|layers:0
COMP|name:Placeholders_Vertical_9|dur:30.000|fps:25.000|w:2160|h:3840|layers:0
COMP|name:Placeholders_Vertical_10|dur:30.000|fps:25.000|w:2160|h:3840|layers:0
COMP|name:Placeholders_Vertical_11|dur:30.000|fps:25.000|w:2160|h:3840|layers:0
COMP|name:Placeholders_Vertical_12|dur:30.000|fps:25.000|w:2160|h:3840|layers:0
COMP|name:Placeholders_Vertical_13|dur:30.000|fps:25.000|w:2160|h:3840|layers:0
COMP|name:Placeholders_Vertical_14|dur:30.000|fps:25.000|w:2160|h:3840|layers:0
COMP|name:Placeholders_Vertical_15|dur:30.000|fps:25.000|w:2160|h:3840|layers:0
COMP|name:Placeholders_Vertical_16|dur:30.000|fps:25.000|w:2160|h:3840|layers:0
COMP|name:Placeholders_Vertical_17|dur:30.000|fps:25.000|w:2160|h:3840|layers:0
COMP|name:Placeholder_Horizontal_1|dur:30.000|fps:25.000|w:3840|h:2160|layers:1
  SOLID|name:Adjustment Layer 29
COMP|name:Placeholder_Horizontal_2|dur:30.000|fps:25.000|w:3840|h:2160|layers:2
  SOLID|name:Adjustment Layer 29
  SOLID|name:Adjustment Layer 28
COMP|name:Placeholder_Horizontal_3|dur:30.000|fps:25.000|w:3840|h:2160|layers:1
  SOLID|name:Adjustment Layer 29
COMP|name:Placeholder_Horizontal_4|dur:30.000|fps:25.000|w:3840|h:2160|layers:0
COMP|name:Placeholder_Horizontal_5|dur:30.000|fps:25.000|w:3840|h:2160|layers:0
COMP|name:Placeholder_Horizontal_6|dur:30.000|fps:25.000|w:3840|h:2160|layers:0
COMP|name:Placeholder_Horizontal_7|dur:30.000|fps:25.000|w:3840|h:2160|layers:0
COMP|name:Placeholder_Horizontal_8|dur:30.000|fps:25.000|w:3840|h:2160|layers:0
COMP|name:Placeholder_Horizontal_9|dur:30.000|fps:25.000|w:3840|h:2160|layers:0
COMP|name:Placeholder_Horizontal_10|dur:30.000|fps:25.000|w:3840|h:2160|layers:0
COMP|name:Placeholder_Horizontal_11|dur:30.000|fps:25.000|w:3840|h:2160|layers:0
COMP|name:Placeholder_Horizontal_12|dur:30.000|fps:25.000|w:3840|h:2160|layers:0
COMP|name:Placeholder_Horizontal_13|dur:30.000|fps:25.000|w:3840|h:2160|layers:0
COMP|name:Placeholder_Horizontal_14|dur:30.000|fps:25.000|w:3840|h:2160|layers:0
COMP|name:Placeholder_Horizontal_15|dur:30.000|fps:25.000|w:3840|h:2160|layers:0
COMP|name:Placeholder_Horizontal_16|dur:30.000|fps:25.000|w:3840|h:2160|layers:0
COMP|name:Placeholder_Horizontal_17|dur:30.000|fps:25.000|w:3840|h:2160|layers:0
COMP|name:Placeholder_Horizontal_18|dur:30.000|fps:25.000|w:3840|h:2160|layers:0
COMP|name:Placeholder_Horizontal_19|dur:30.000|fps:25.000|w:3840|h:2160|layers:0
COMP|name:Placeholder_Horizontal_20|dur:30.000|fps:25.000|w:3840|h:2160|layers:0
COMP|name:Placeholders_Vertical_1|dur:30.000|fps:25.000|w:2160|h:3840|layers:0
COMP|name:Placeholders_Vertical_2|dur:30.000|fps:25.000|w:2160|h:3840|layers:0
COMP|name:Placeholders_Vertical_3|dur:30.000|fps:25.000|w:2160|h:3840|layers:0
COMP|name:Placeholders_Vertical_4|dur:30.000|fps:25.000|w:2160|h:3840|layers:0
COMP|name:Placeholders_Vertical_5|dur:30.000|fps:25.000|w:2160|h:3840|layers:0
COMP|name:Placeholders_Vertical_6|dur:30.000|fps:25.000|w:2160|h:3840|layers:1
  SOLID|name:Adjustment Layer 28
COMP|name:Placeholders_Vertical_7|dur:30.000|fps:25.000|w:2160|h:3840|layers:0
COMP|name:Placeholders_Vertical_8|dur:30.000|fps:25.000|w:2160|h:3840|layers:0
COMP|name:Placeholders_Vertical_9|dur:30.000|fps:25.000|w:2160|h:3840|layers:0
COMP|name:Placeholders_Vertical_10|dur:30.000|fps:25.000|w:2160|h:3840|layers:0
COMP|name:Placeholders_Vertical_11|dur:30.000|fps:25.000|w:2160|h:3840|layers:0
COMP|name:Placeholders_Vertical_12|dur:30.000|fps:25.000|w:2160|h:3840|layers:0
COMP|name:Placeholders_Vertical_13|dur:30.000|fps:25.000|w:2160|h:3840|layers:0
COMP|name:Placeholders_Vertical_14|dur:30.000|fps:25.000|w:2160|h:3840|layers:0
COMP|name:Placeholders_Vertical_15|dur:30.000|fps:25.000|w:2160|h:3840|layers:0
COMP|name:Placeholders_Vertical_16|dur:30.000|fps:25.000|w:2160|h:3840|layers:0
COMP|name:Placeholders_Vertical_17|dur:30.000|fps:25.000|w:2160|h:3840|layers:0
COMP|name:Placeholders_Vertical_18|dur:30.000|fps:25.000|w:2160|h:3840|layers:0
COMP|name:Placeholders_Vertical_19|dur:30.000|fps:25.000|w:2160|h:3840|layers:0
COMP|name:Placeholders_Vertical_20|dur:30.000|fps:25.000|w:2160|h:3840|layers:0
COMP|name:Placeholder_Horizontal_1|dur:30.000|fps:25.000|w:3840|h:2160|layers:1
  SOLID|name:Adjustment Layer 29
COMP|name:Placeholder_Horizontal_2|dur:30.000|fps:25.000|w:3840|h:2160|layers:2
  SOLID|name:Adjustment Layer 29
  SOLID|name:Adjustment Layer 28
COMP|name:Placeholder_Horizontal_3|dur:30.000|fps:25.000|w:3840|h:2160|layers:1
  SOLID|name:Adjustment Layer 29
COMP|name:Placeholder_Horizontal_4|dur:30.000|fps:25.000|w:3840|h:2160|layers:0
COMP|name:Placeholder_Horizontal_5|dur:30.000|fps:25.000|w:3840|h:2160|layers:0
COMP|name:Placeholder_Horizontal_6|dur:30.000|fps:25.000|w:3840|h:2160|layers:0
COMP|name:Placeholder_Horizontal_7|dur:30.000|fps:25.000|w:3840|h:2160|layers:0
COMP|name:Placeholder_Horizontal_8|dur:30.000|fps:25.000|w:3840|h:2160|layers:0
COMP|name:Placeholder_Horizontal_9|dur:30.000|fps:25.000|w:3840|h:2160|layers:0
COMP|name:Placeholder_Horizontal_10|dur:30.000|fps:25.000|w:3840|h:2160|layers:0
COMP|name:Placeholder_Horizontal_11|dur:30.000|fps:25.000|w:3840|h:2160|layers:0
COMP|name:Placeholder_Horizontal_12|dur:30.000|fps:25.000|w:3840|h:2160|layers:0
COMP|name:Placeholder_Horizontal_1|dur:30.000|fps:25.000|w:3840|h:2160|layers:1
  SOLID|name:Adjustment Layer 29
COMP|name:Placeholder_Horizontal_2|dur:30.000|fps:25.000|w:3840|h:2160|layers:2
  SOLID|name:Adjustment Layer 29
  SOLID|name:Adjustment Layer 28
COMP|name:Placeholder_Horizontal_3|dur:30.000|fps:25.000|w:3840|h:2160|layers:0
COMP|name:Placeholder_Horizontal_4|dur:30.000|fps:25.000|w:3840|h:2160|layers:2
  SOLID|name:Adjustment Layer 32
  SOLID|name:Adjustment Layer 29
COMP|name:Placeholder_Horizontal_5|dur:30.000|fps:25.000|w:3840|h:2160|layers:0
COMP|name:Placeholder_Horizontal_6|dur:30.000|fps:25.000|w:3840|h:2160|layers:1
  SOLID|name:Adjustment Layer 31
COMP|name:Placeholder_Horizontal_7|dur:30.000|fps:25.000|w:3840|h:2160|layers:0
COMP|name:Placeholder_Horizontal_8|dur:30.000|fps:25.000|w:3840|h:2160|layers:0
COMP|name:Placeholder_Horizontal_9|dur:30.000|fps:25.000|w:3840|h:2160|layers:0
COMP|name:Placeholder_Horizontal_10|dur:30.000|fps:25.000|w:3840|h:2160|layers:0
COMP|name:Placeholder_Horizontal_11|dur:30.000|fps:25.000|w:3840|h:2160|layers:0
COMP|name:Placeholder_Horizontal_12|dur:30.000|fps:25.000|w:3840|h:2160|layers:0
COMP|name:Placeholder_Horizontal_13|dur:30.000|fps:25.000|w:3840|h:2160|layers:0
COMP|name:Placeholder_Horizontal_14|dur:30.000|fps:25.000|w:3840|h:2160|layers:0
COMP|name:Placeholder_Horizontal_15|dur:30.000|fps:25.000|w:3840|h:2160|layers:0
COMP|name:Placeholder_Horizontal_16|dur:30.000|fps:25.000|w:3840|h:2160|layers:0
COMP|name:Placeholder_Horizontal_17|dur:30.000|fps:25.000|w:3840|h:2160|layers:0
COMP|name:Placeholder_Horizontal_18|dur:30.000|fps:25.000|w:3840|h:2160|layers:0
COMP|name:Placeholder_Horizontal_19|dur:30.000|fps:25.000|w:3840|h:2160|layers:0
COMP|name:Placeholder_Horizontal_20|dur:30.000|fps:25.000|w:3840|h:2160|layers:0
COMP|name:Placeholders_Vertical_1|dur:30.000|fps:25.000|w:2160|h:3840|layers:0
COMP|name:Placeholders_Vertical_2|dur:30.000|fps:25.000|w:2160|h:3840|layers:1
  SOLID|name:Adjustment Layer 33
COMP|name:Placeholders_Vertical_3|dur:30.000|fps:25.000|w:2160|h:3840|layers:0
COMP|name:Placeholders_Vertical_4|dur:30.000|fps:25.000|w:2160|h:3840|layers:0
COMP|name:Placeholders_Vertical_5|dur:30.000|fps:25.000|w:2160|h:3840|layers:0
COMP|name:Placeholders_Vertical_6|dur:30.000|fps:25.000|w:2160|h:3840|layers:1
  SOLID|name:Adjustment Layer 28
COMP|name:Placeholders_Vertical_7|dur:30.000|fps:25.000|w:2160|h:3840|layers:0
COMP|name:Placeholders_Vertical_8|dur:30.000|fps:25.000|w:2160|h:3840|layers:0
COMP|name:Placeholders_Vertical_9|dur:30.000|fps:25.000|w:2160|h:3840|layers:0
COMP|name:Placeholders_Vertical_10|dur:30.000|fps:25.000|w:2160|h:3840|layers:0
COMP|name:Placeholders_Vertical_11|dur:30.000|fps:25.000|w:2160|h:3840|layers:0
COMP|name:Placeholders_Vertical_12|dur:30.000|fps:25.000|w:2160|h:3840|layers:0
COMP|name:Placeholder_Horizontal_1|dur:30.000|fps:25.000|w:3840|h:2160|layers:1
  SOLID|name:Adjustment Layer 29
COMP|name:Placeholder_Horizontal_2|dur:30.000|fps:25.000|w:3840|h:2160|layers:2
  SOLID|name:Adjustment Layer 29
  SOLID|name:Adjustment Layer 28
COMP|name:Placeholder_Horizontal_3|dur:30.000|fps:25.000|w:3840|h:2160|layers:1
  SOLID|name:Adjustment Layer 29
COMP|name:Placeholder_Horizontal_4|dur:30.000|fps:25.000|w:3840|h:2160|layers:0
COMP|name:Placeholder_Horizontal_5|dur:30.000|fps:25.000|w:3840|h:2160|layers:0
COMP|name:Placeholder_Horizontal_6|dur:30.000|fps:25.000|w:3840|h:2160|layers:0
COMP|name:Placeholder_Horizontal_7|dur:30.000|fps:25.000|w:3840|h:2160|layers:0
COMP|name:Placeholder_Horizontal_8|dur:30.000|fps:25.000|w:3840|h:2160|layers:0
COMP|name:Placeholder_Horizontal_9|dur:30.000|fps:25.000|w:3840|h:2160|layers:0
COMP|name:Placeholder_Horizontal_10|dur:30.000|fps:25.000|w:3840|h:2160|layers:0
COMP|name:Placeholder_Horizontal_11|dur:30.000|fps:25.000|w:3840|h:2160|layers:0
COMP|name:Placeholder_Horizontal_12|dur:30.000|fps:25.000|w:3840|h:2160|layers:0
COMP|name:Placeholder_Horizontal_13|dur:30.000|fps:25.000|w:3840|h:2160|layers:0
COMP|name:Placeholder_Horizontal_14|dur:30.000|fps:25.000|w:3840|h:2160|layers:0
COMP|name:Placeholder_Horizontal_15|dur:30.000|fps:25.000|w:3840|h:2160|layers:0
COMP|name:Placeholder_Horizontal_16|dur:30.000|fps:25.000|w:3840|h:2160|layers:0
COMP|name:Placeholder_Horizontal_17|dur:30.000|fps:25.000|w:3840|h:2160|layers:0
COMP|name:Placeholder_Horizontal_18|dur:30.000|fps:25.000|w:3840|h:2160|layers:0
COMP|name:Placeholder_Horizontal_19|dur:30.000|fps:25.000|w:3840|h:2160|layers:0
COMP|name:Placeholder_Horizontal_20|dur:30.000|fps:25.000|w:3840|h:2160|layers:0
COMP|name:Placeholders_Vertical_1|dur:30.000|fps:25.000|w:2160|h:3840|layers:0
COMP|name:Placeholders_Vertical_2|dur:30.000|fps:25.000|w:2160|h:3840|layers:0
COMP|name:Placeholders_Vertical_3|dur:30.000|fps:25.000|w:2160|h:3840|layers:0
COMP|name:Placeholders_Vertical_4|dur:30.000|fps:25.000|w:2160|h:3840|layers:0
COMP|name:Placeholders_Vertical_5|dur:30.000|fps:25.000|w:2160|h:3840|layers:0
COMP|name:Placeholders_Vertical_6|dur:30.000|fps:25.000|w:2160|h:3840|layers:1
  SOLID|name:Adjustment Layer 28
COMP|name:Placeholders_Vertical_7|dur:30.000|fps:25.000|w:2160|h:3840|layers:0
COMP|name:Placeholders_Vertical_8|dur:30.000|fps:25.000|w:2160|h:3840|layers:0
COMP|name:Placeholders_Vertical_9|dur:30.000|fps:25.000|w:2160|h:3840|layers:0
COMP|name:Placeholders_Vertical_10|dur:30.000|fps:25.000|w:2160|h:3840|layers:0
COMP|name:Placeholders_Vertical_11|dur:30.000|fps:25.000|w:2160|h:3840|layers:0
COMP|name:Placeholders_Vertical_12|dur:30.000|fps:25.000|w:2160|h:3840|layers:0
COMP|name:Preview|dur:40.000|fps:60.000|w:3840|h:2160|layers:12
  FOOTAGE|name:abstract-electronic-technology-minimal_by_sergmaru|source:abstract-electronic-technology-minimal_by_sergmaru|w:4|h:4|in:33.417|out:39.217|absIn:33.417|absOut:39.217|file:no_file
  FOOTAGE|name:abstract-electronic-technology-minimal_by_sergmaru|source:abstract-electronic-technology-minimal_by_sergmaru|w:4|h:4|in:-0.150|out:33.417|absIn:-0.150|absOut:33.417|file:no_file
  PRECOMP|name:Motion_1|source:Motion_1|in:0.000|out:2.583|absIn:0.000|absOut:2.583
  PRECOMP|name:Motion_2|source:Motion_2|in:2.583|out:6.850|absIn:2.583|absOut:6.850
  PRECOMP|name:Motion_3|source:Motion_3|in:6.850|out:9.433|absIn:6.850|absOut:9.433
  PRECOMP|name:Motion_4|source:Motion_4|in:9.433|out:13.717|absIn:9.433|absOut:13.717
  PRECOMP|name:Motion_5|source:Motion_5|in:13.717|out:17.083|absIn:13.717|absOut:17.083
  PRECOMP|name:Motion_6|source:Motion_6|in:17.083|out:20.550|absIn:17.083|absOut:20.550
  PRECOMP|name:Motion_7|source:Motion_7|in:20.550|out:23.983|absIn:20.550|absOut:23.983
  PRECOMP|name:Motion_8|source:Motion_8|in:23.983|out:27.433|absIn:23.983|absOut:27.433
  PRECOMP|name:Motion_9|source:Motion_9|in:27.433|out:30.117|absIn:27.433|absOut:30.117
  PRECOMP|name:Motion_10|source:Motion_10|in:30.117|out:36.317|absIn:30.117|absOut:36.317

=== INJECTABLE SUMMARY ===
-- TEXT INJECTABLES --

-- IMAGE INJECTABLES --
IMAGE_INJECT|type:comp_inject|comp:Placeholder_Horizontal_4|w:3840|h:2160|absIn:6.267|absOut:36.267
IMAGE_INJECT|type:comp_inject|comp:Placeholder_Horizontal_5|w:3840|h:2160|absIn:6.267|absOut:36.267
IMAGE_INJECT|type:comp_inject|comp:Placeholder_Horizontal_6|w:3840|h:2160|absIn:6.267|absOut:36.267
IMAGE_INJECT|type:comp_inject|comp:Placeholder_Horizontal_7|w:3840|h:2160|absIn:6.267|absOut:36.267
IMAGE_INJECT|type:comp_inject|comp:Placeholder_Horizontal_8|w:3840|h:2160|absIn:6.267|absOut:36.267
IMAGE_INJECT|type:comp_inject|comp:Placeholder_Horizontal_9|w:3840|h:2160|absIn:6.267|absOut:36.267
IMAGE_INJECT|type:comp_inject|comp:Placeholder_Horizontal_10|w:3840|h:2160|absIn:6.267|absOut:36.267
IMAGE_INJECT|type:comp_inject|comp:Placeholder_Horizontal_11|w:3840|h:2160|absIn:6.267|absOut:36.267
IMAGE_INJECT|type:comp_inject|comp:Placeholder_Horizontal_12|w:3840|h:2160|absIn:6.267|absOut:36.267
IMAGE_INJECT|type:comp_inject|comp:Placeholder_Horizontal_13|w:3840|h:2160|absIn:6.267|absOut:36.267
IMAGE_INJECT|type:comp_inject|comp:Placeholder_Horizontal_14|w:3840|h:2160|absIn:6.267|absOut:36.267
IMAGE_INJECT|type:comp_inject|comp:Placeholder_Horizontal_15|w:3840|h:2160|absIn:6.267|absOut:36.267
IMAGE_INJECT|type:comp_inject|comp:Placeholder_Horizontal_16|w:3840|h:2160|absIn:6.267|absOut:36.267
IMAGE_INJECT|type:comp_inject|comp:Placeholder_Horizontal_4|w:3840|h:2160|absIn:6.267|absOut:36.267
IMAGE_INJECT|type:comp_inject|comp:Placeholder_Horizontal_5|w:3840|h:2160|absIn:6.267|absOut:36.267
IMAGE_INJECT|type:comp_inject|comp:Placeholder_Horizontal_6|w:3840|h:2160|absIn:6.267|absOut:36.267
IMAGE_INJECT|type:comp_inject|comp:Placeholder_Horizontal_7|w:3840|h:2160|absIn:6.267|absOut:36.267
IMAGE_INJECT|type:comp_inject|comp:Placeholder_Horizontal_8|w:3840|h:2160|absIn:6.267|absOut:36.267
IMAGE_INJECT|type:comp_inject|comp:Placeholder_Horizontal_9|w:3840|h:2160|absIn:6.267|absOut:36.267
IMAGE_INJECT|type:comp_inject|comp:Placeholder_Horizontal_10|w:3840|h:2160|absIn:6.267|absOut:36.267
IMAGE_INJECT|type:comp_inject|comp:Placeholder_Horizontal_11|w:3840|h:2160|absIn:6.267|absOut:36.267
IMAGE_INJECT|type:comp_inject|comp:Placeholder_Horizontal_12|w:3840|h:2160|absIn:6.267|absOut:36.267
IMAGE_INJECT|type:comp_inject|comp:Placeholder_Horizontal_13|w:3840|h:2160|absIn:6.267|absOut:36.267
IMAGE_INJECT|type:comp_inject|comp:Placeholder_Horizontal_14|w:3840|h:2160|absIn:6.267|absOut:36.267
IMAGE_INJECT|type:comp_inject|comp:Placeholder_Horizontal_15|w:3840|h:2160|absIn:6.267|absOut:36.267
IMAGE_INJECT|type:comp_inject|comp:Placeholder_Horizontal_16|w:3840|h:2160|absIn:6.267|absOut:36.267
IMAGE_INJECT|type:comp_inject|comp:Placeholder_Horizontal_17|w:3840|h:2160|absIn:8.067|absOut:38.067
IMAGE_INJECT|type:comp_inject|comp:Placeholders_Vertical_1|w:2160|h:3840|absIn:7.033|absOut:37.033
IMAGE_INJECT|type:comp_inject|comp:Placeholders_Vertical_2|w:2160|h:3840|absIn:7.033|absOut:37.033
IMAGE_INJECT|type:comp_inject|comp:Placeholders_Vertical_3|w:2160|h:3840|absIn:7.033|absOut:37.033
IMAGE_INJECT|type:comp_inject|comp:Placeholders_Vertical_4|w:2160|h:3840|absIn:7.033|absOut:37.033
IMAGE_INJECT|type:comp_inject|comp:Placeholders_Vertical_5|w:2160|h:3840|absIn:7.033|absOut:37.033
IMAGE_INJECT|type:comp_inject|comp:Placeholders_Vertical_8|w:2160|h:3840|absIn:7.033|absOut:37.033
IMAGE_INJECT|type:comp_inject|comp:Placeholders_Vertical_9|w:2160|h:3840|absIn:7.033|absOut:37.033
IMAGE_INJECT|type:comp_inject|comp:Placeholders_Vertical_10|w:2160|h:3840|absIn:7.033|absOut:37.033
IMAGE_INJECT|type:comp_inject|comp:Placeholders_Vertical_11|w:2160|h:3840|absIn:7.033|absOut:37.033
IMAGE_INJECT|type:comp_inject|comp:Placeholders_Vertical_12|w:2160|h:3840|absIn:17.083|absOut:47.083
IMAGE_INJECT|type:comp_inject|comp:Placeholders_Vertical_13|w:2160|h:3840|absIn:7.033|absOut:37.033
IMAGE_INJECT|type:comp_inject|comp:Placeholders_Vertical_14|w:2160|h:3840|absIn:7.033|absOut:37.033
IMAGE_INJECT|type:comp_inject|comp:Placeholders_Vertical_15|w:2160|h:3840|absIn:7.033|absOut:37.033
IMAGE_INJECT|type:comp_inject|comp:Placeholders_Vertical_16|w:2160|h:3840|absIn:7.033|absOut:37.033
IMAGE_INJECT|type:comp_inject|comp:Placeholders_Vertical_17|w:2160|h:3840|absIn:7.033|absOut:37.033
IMAGE_INJECT|type:comp_inject|comp:Placeholder_Horizontal_4|w:3840|h:2160|absIn:6.267|absOut:36.267
IMAGE_INJECT|type:comp_inject|comp:Placeholder_Horizontal_5|w:3840|h:2160|absIn:6.267|absOut:36.267
IMAGE_INJECT|type:comp_inject|comp:Placeholder_Horizontal_6|w:3840|h:2160|absIn:6.267|absOut:36.267
IMAGE_INJECT|type:comp_inject|comp:Placeholder_Horizontal_7|w:3840|h:2160|absIn:6.267|absOut:36.267
IMAGE_INJECT|type:comp_inject|comp:Placeholder_Horizontal_8|w:3840|h:2160|absIn:6.267|absOut:36.267
IMAGE_INJECT|type:comp_inject|comp:Placeholder_Horizontal_9|w:3840|h:2160|absIn:6.267|absOut:36.267
IMAGE_INJECT|type:comp_inject|comp:Placeholder_Horizontal_10|w:3840|h:2160|absIn:6.267|absOut:36.267
IMAGE_INJECT|type:comp_inject|comp:Placeholder_Horizontal_11|w:3840|h:2160|absIn:6.267|absOut:36.267
IMAGE_INJECT|type:comp_inject|comp:Placeholder_Horizontal_12|w:3840|h:2160|absIn:6.267|absOut:36.267
IMAGE_INJECT|type:comp_inject|comp:Placeholder_Horizontal_13|w:3840|h:2160|absIn:6.267|absOut:36.267
IMAGE_INJECT|type:comp_inject|comp:Placeholder_Horizontal_14|w:3840|h:2160|absIn:6.267|absOut:36.267
IMAGE_INJECT|type:comp_inject|comp:Placeholder_Horizontal_15|w:3840|h:2160|absIn:6.267|absOut:36.267
IMAGE_INJECT|type:comp_inject|comp:Placeholder_Horizontal_16|w:3840|h:2160|absIn:6.267|absOut:36.267
IMAGE_INJECT|type:comp_inject|comp:Placeholder_Horizontal_17|w:3840|h:2160|absIn:8.067|absOut:38.067
IMAGE_INJECT|type:comp_inject|comp:Placeholder_Horizontal_18|w:3840|h:2160|absIn:3.250|absOut:33.250
IMAGE_INJECT|type:comp_inject|comp:Placeholder_Horizontal_19|w:3840|h:2160|absIn:3.250|absOut:33.250
IMAGE_INJECT|type:comp_inject|comp:Placeholder_Horizontal_20|w:3840|h:2160|absIn:3.250|absOut:33.250
IMAGE_INJECT|type:comp_inject|comp:Placeholders_Vertical_1|w:2160|h:3840|absIn:7.033|absOut:37.033
IMAGE_INJECT|type:comp_inject|comp:Placeholders_Vertical_2|w:2160|h:3840|absIn:7.033|absOut:37.033
IMAGE_INJECT|type:comp_inject|comp:Placeholders_Vertical_3|w:2160|h:3840|absIn:7.033|absOut:37.033
IMAGE_INJECT|type:comp_inject|comp:Placeholders_Vertical_4|w:2160|h:3840|absIn:7.033|absOut:37.033
IMAGE_INJECT|type:comp_inject|comp:Placeholders_Vertical_5|w:2160|h:3840|absIn:7.033|absOut:37.033
IMAGE_INJECT|type:comp_inject|comp:Placeholders_Vertical_7|w:2160|h:3840|absIn:7.033|absOut:37.033
IMAGE_INJECT|type:comp_inject|comp:Placeholders_Vertical_8|w:2160|h:3840|absIn:7.033|absOut:37.033
IMAGE_INJECT|type:comp_inject|comp:Placeholders_Vertical_9|w:2160|h:3840|absIn:7.033|absOut:37.033
IMAGE_INJECT|type:comp_inject|comp:Placeholders_Vertical_10|w:2160|h:3840|absIn:7.033|absOut:37.033
IMAGE_INJECT|type:comp_inject|comp:Placeholders_Vertical_11|w:2160|h:3840|absIn:7.033|absOut:37.033
IMAGE_INJECT|type:comp_inject|comp:Placeholders_Vertical_12|w:2160|h:3840|absIn:17.083|absOut:47.083
IMAGE_INJECT|type:comp_inject|comp:Placeholders_Vertical_13|w:2160|h:3840|absIn:7.033|absOut:37.033
IMAGE_INJECT|type:comp_inject|comp:Placeholders_Vertical_14|w:2160|h:3840|absIn:7.033|absOut:37.033
IMAGE_INJECT|type:comp_inject|comp:Placeholders_Vertical_15|w:2160|h:3840|absIn:7.033|absOut:37.033
IMAGE_INJECT|type:comp_inject|comp:Placeholders_Vertical_16|w:2160|h:3840|absIn:7.033|absOut:37.033
IMAGE_INJECT|type:comp_inject|comp:Placeholders_Vertical_17|w:2160|h:3840|absIn:7.033|absOut:37.033
IMAGE_INJECT|type:comp_inject|comp:Placeholders_Vertical_18|w:2160|h:3840|absIn:4.217|absOut:34.217
IMAGE_INJECT|type:comp_inject|comp:Placeholders_Vertical_19|w:2160|h:3840|absIn:4.217|absOut:34.217
IMAGE_INJECT|type:comp_inject|comp:Placeholders_Vertical_20|w:2160|h:3840|absIn:4.217|absOut:34.217
IMAGE_INJECT|type:comp_inject|comp:Placeholder_Horizontal_4|w:3840|h:2160|absIn:6.267|absOut:36.267
IMAGE_INJECT|type:comp_inject|comp:Placeholder_Horizontal_5|w:3840|h:2160|absIn:6.267|absOut:36.267
IMAGE_INJECT|type:comp_inject|comp:Placeholder_Horizontal_6|w:3840|h:2160|absIn:6.267|absOut:36.267
IMAGE_INJECT|type:comp_inject|comp:Placeholder_Horizontal_7|w:3840|h:2160|absIn:6.267|absOut:36.267
IMAGE_INJECT|type:comp_inject|comp:Placeholder_Horizontal_8|w:3840|h:2160|absIn:6.267|absOut:36.267
IMAGE_INJECT|type:comp_inject|comp:Placeholder_Horizontal_9|w:3840|h:2160|absIn:6.267|absOut:36.267
IMAGE_INJECT|type:comp_inject|comp:Placeholder_Horizontal_10|w:3840|h:2160|absIn:6.267|absOut:36.267
IMAGE_INJECT|type:comp_inject|comp:Placeholder_Horizontal_11|w:3840|h:2160|absIn:6.267|absOut:36.267
IMAGE_INJECT|type:comp_inject|comp:Placeholder_Horizontal_12|w:3840|h:2160|absIn:6.267|absOut:36.267
IMAGE_INJECT|type:comp_inject|comp:Placeholder_Horizontal_3|w:3840|h:2160|absIn:6.267|absOut:36.267
IMAGE_INJECT|type:comp_inject|comp:Placeholder_Horizontal_5|w:3840|h:2160|absIn:6.267|absOut:36.267
IMAGE_INJECT|type:comp_inject|comp:Placeholder_Horizontal_7|w:3840|h:2160|absIn:6.267|absOut:36.267
IMAGE_INJECT|type:comp_inject|comp:Placeholder_Horizontal_8|w:3840|h:2160|absIn:6.267|absOut:36.267
IMAGE_INJECT|type:comp_inject|comp:Placeholder_Horizontal_9|w:3840|h:2160|absIn:6.267|absOut:36.267
IMAGE_INJECT|type:comp_inject|comp:Placeholder_Horizontal_10|w:3840|h:2160|absIn:6.267|absOut:36.267
IMAGE_INJECT|type:comp_inject|comp:Placeholder_Horizontal_11|w:3840|h:2160|absIn:6.267|absOut:36.267
IMAGE_INJECT|type:comp_inject|comp:Placeholder_Horizontal_12|w:3840|h:2160|absIn:6.267|absOut:36.267
IMAGE_INJECT|type:comp_inject|comp:Placeholder_Horizontal_13|w:3840|h:2160|absIn:6.267|absOut:36.267
IMAGE_INJECT|type:comp_inject|comp:Placeholder_Horizontal_14|w:3840|h:2160|absIn:6.267|absOut:36.267
IMAGE_INJECT|type:comp_inject|comp:Placeholder_Horizontal_15|w:3840|h:2160|absIn:6.267|absOut:36.267
IMAGE_INJECT|type:comp_inject|comp:Placeholder_Horizontal_16|w:3840|h:2160|absIn:6.267|absOut:36.267
IMAGE_INJECT|type:comp_inject|comp:Placeholder_Horizontal_17|w:3840|h:2160|absIn:8.067|absOut:38.067
IMAGE_INJECT|type:comp_inject|comp:Placeholder_Horizontal_18|w:3840|h:2160|absIn:3.250|absOut:33.250
IMAGE_INJECT|type:comp_inject|comp:Placeholder_Horizontal_19|w:3840|h:2160|absIn:3.250|absOut:33.250
IMAGE_INJECT|type:comp_inject|comp:Placeholder_Horizontal_20|w:3840|h:2160|absIn:3.250|absOut:33.250
IMAGE_INJECT|type:comp_inject|comp:Placeholders_Vertical_1|w:2160|h:3840|absIn:7.033|absOut:37.033
IMAGE_INJECT|type:comp_inject|comp:Placeholders_Vertical_3|w:2160|h:3840|absIn:7.033|absOut:37.033
IMAGE_INJECT|type:comp_inject|comp:Placeholders_Vertical_4|w:2160|h:3840|absIn:7.033|absOut:37.033
IMAGE_INJECT|type:comp_inject|comp:Placeholders_Vertical_5|w:2160|h:3840|absIn:7.033|absOut:37.033
IMAGE_INJECT|type:comp_inject|comp:Placeholders_Vertical_7|w:2160|h:3840|absIn:7.033|absOut:37.033
IMAGE_INJECT|type:comp_inject|comp:Placeholders_Vertical_8|w:2160|h:3840|absIn:7.033|absOut:37.033
IMAGE_INJECT|type:comp_inject|comp:Placeholders_Vertical_9|w:2160|h:3840|absIn:7.033|absOut:37.033
IMAGE_INJECT|type:comp_inject|comp:Placeholders_Vertical_10|w:2160|h:3840|absIn:7.033|absOut:37.033
IMAGE_INJECT|type:comp_inject|comp:Placeholders_Vertical_11|w:2160|h:3840|absIn:7.033|absOut:37.033
IMAGE_INJECT|type:comp_inject|comp:Placeholders_Vertical_12|w:2160|h:3840|absIn:17.083|absOut:47.083
IMAGE_INJECT|type:comp_inject|comp:Placeholder_Horizontal_4|w:3840|h:2160|absIn:6.267|absOut:36.267
IMAGE_INJECT|type:comp_inject|comp:Placeholder_Horizontal_5|w:3840|h:2160|absIn:6.267|absOut:36.267
IMAGE_INJECT|type:comp_inject|comp:Placeholder_Horizontal_6|w:3840|h:2160|absIn:6.267|absOut:36.267
IMAGE_INJECT|type:comp_inject|comp:Placeholder_Horizontal_7|w:3840|h:2160|absIn:6.267|absOut:36.267
IMAGE_INJECT|type:comp_inject|comp:Placeholder_Horizontal_8|w:3840|h:2160|absIn:6.267|absOut:36.267
IMAGE_INJECT|type:comp_inject|comp:Placeholder_Horizontal_9|w:3840|h:2160|absIn:6.267|absOut:36.267
IMAGE_INJECT|type:comp_inject|comp:Placeholder_Horizontal_10|w:3840|h:2160|absIn:6.267|absOut:36.267
IMAGE_INJECT|type:comp_inject|comp:Placeholder_Horizontal_11|w:3840|h:2160|absIn:6.267|absOut:36.267
IMAGE_INJECT|type:comp_inject|comp:Placeholder_Horizontal_12|w:3840|h:2160|absIn:6.267|absOut:36.267
IMAGE_INJECT|type:comp_inject|comp:Placeholder_Horizontal_13|w:3840|h:2160|absIn:6.267|absOut:36.267
IMAGE_INJECT|type:comp_inject|comp:Placeholder_Horizontal_14|w:3840|h:2160|absIn:6.267|absOut:36.267
IMAGE_INJECT|type:comp_inject|comp:Placeholder_Horizontal_15|w:3840|h:2160|absIn:6.267|absOut:36.267
IMAGE_INJECT|type:comp_inject|comp:Placeholder_Horizontal_16|w:3840|h:2160|absIn:6.267|absOut:36.267
IMAGE_INJECT|type:comp_inject|comp:Placeholder_Horizontal_17|w:3840|h:2160|absIn:8.067|absOut:38.067
IMAGE_INJECT|type:comp_inject|comp:Placeholder_Horizontal_18|w:3840|h:2160|absIn:3.250|absOut:33.250
IMAGE_INJECT|type:comp_inject|comp:Placeholder_Horizontal_19|w:3840|h:2160|absIn:3.250|absOut:33.250
IMAGE_INJECT|type:comp_inject|comp:Placeholder_Horizontal_20|w:3840|h:2160|absIn:3.250|absOut:33.250
IMAGE_INJECT|type:comp_inject|comp:Placeholders_Vertical_1|w:2160|h:3840|absIn:7.033|absOut:37.033
IMAGE_INJECT|type:comp_inject|comp:Placeholders_Vertical_2|w:2160|h:3840|absIn:7.033|absOut:37.033
IMAGE_INJECT|type:comp_inject|comp:Placeholders_Vertical_3|w:2160|h:3840|absIn:7.033|absOut:37.033
IMAGE_INJECT|type:comp_inject|comp:Placeholders_Vertical_4|w:2160|h:3840|absIn:7.033|absOut:37.033
IMAGE_INJECT|type:comp_inject|comp:Placeholders_Vertical_5|w:2160|h:3840|absIn:7.033|absOut:37.033
IMAGE_INJECT|type:comp_inject|comp:Placeholders_Vertical_7|w:2160|h:3840|absIn:7.033|absOut:37.033
IMAGE_INJECT|type:comp_inject|comp:Placeholders_Vertical_8|w:2160|h:3840|absIn:7.033|absOut:37.033
IMAGE_INJECT|type:comp_inject|comp:Placeholders_Vertical_9|w:2160|h:3840|absIn:7.033|absOut:37.033
IMAGE_INJECT|type:comp_inject|comp:Placeholders_Vertical_10|w:2160|h:3840|absIn:7.033|absOut:37.033
IMAGE_INJECT|type:comp_inject|comp:Placeholders_Vertical_11|w:2160|h:3840|absIn:7.033|absOut:37.033
IMAGE_INJECT|type:comp_inject|comp:Placeholders_Vertical_12|w:2160|h:3840|absIn:17.083|absOut:47.083

-- PROJECT LEVEL FOOTAGE --

SCAN_COMPLETE
